// Vitest Snapshot v1, https://vitest.dev/guide/snapshot.html

exports[`sharedUtilFormatDate > case 1 1`] = `
[
  {
    "id": 0,
  },
  {
    "id": 1,
  },
  {
    "id": 2,
  },
  {
    "id": 3,
  },
  {
    "id": 4,
  },
  {
    "id": 5,
  },
  {
    "id": 6,
  },
  {
    "id": 7,
  },
  {
    "id": 8,
  },
  {
    "id": 9,
  },
]
`;

exports[`sharedUtilFormatDate > snapshot 1`] = `
[
  {
    "id": 0,
  },
  {
    "id": 1,
  },
  {
    "id": 2,
  },
  {
    "id": 3,
  },
  {
    "id": 4,
  },
  {
    "id": 5,
  },
  {
    "id": 6,
  },
  {
    "id": 7,
  },
  {
    "id": 8,
  },
  {
    "id": 9,
  },
]
`;
