// Vitest Snapshot v1, https://vitest.dev/guide/snapshot.html

exports[`sharedUtilFormatDate > case 1 1`] = `"05.01.2020"`;

exports[`sharedUtilFormatDate > snapshot 1`] = `"05.01.2020"`;
