// Vitest Snapshot v1, https://vitest.dev/guide/snapshot.html

exports[`sharedUtilTruncateString > case 1 1`] = `"hel..."`;

exports[`sharedUtilTruncateString > snapshot 1`] = `"hello world"`;
